// Jest Snapshot v1, https://goo.gl/fbAQLP

exports[`Homepage render 1`] = `
<div
  className="css-osdkme-Loading"
>
  <div
    className="obj"
  />
  <div
    className="obj"
  />
  <div
    className="obj"
  />
  <div
    className="obj"
  />
  <div
    className="obj"
  />
  <div
    className="obj"
  />
  <div
    className="obj"
  />
  <div
    className="obj"
  />
  <div
    className="obj"
  />
</div>
`;
